2026-01-07T21:12:52.4522885Z Current runner version: '2.330.0'
2026-01-07T21:12:52.4547812Z ##[group]Runner Image Provisioner
2026-01-07T21:12:52.4549060Z Hosted Compute Agent
2026-01-07T21:12:52.4549836Z Version: 20251211.462
2026-01-07T21:12:52.4551045Z Commit: 6cbad8c2bb55d58165063d031ccabf57e2d2db61
2026-01-07T21:12:52.4551968Z Build Date: 2025-12-11T16:28:49Z
2026-01-07T21:12:52.4552978Z Worker ID: ***0d4087a7-e251-43e7-9cfc-b2d08e6739fc***
2026-01-07T21:12:52.4553988Z ##[endgroup]
2026-01-07T21:12:52.4554833Z ##[group]Operating System
2026-01-07T21:12:52.4555597Z Ubuntu
2026-01-07T21:12:52.4556307Z 24.04.3
2026-01-07T21:12:52.4556979Z LTS
2026-01-07T21:12:52.4557917Z ##[endgroup]
2026-01-07T21:12:52.4558679Z ##[group]Runner Image
2026-01-07T21:12:52.4559515Z Image: ubuntu-24.04
2026-01-07T21:12:52.4560260Z Version: 20251215.174.1
2026-01-07T21:12:52.4561593Z Included Software: https://github.com/actions/runner-images/blob/ubuntu24/20251215.174/images/ubuntu/Ubuntu2404-Readme.md
2026-01-07T21:12:52.4563481Z Image Release: https://github.com/actions/runner-images/releases/tag/ubuntu24%2F20251215.174
2026-01-07T21:12:52.4564722Z ##[endgroup]
2026-01-07T21:12:52.4566212Z ##[group]GITHUB_TOKEN Permissions
2026-01-07T21:12:52.4568843Z Contents: read
2026-01-07T21:12:52.4569580Z Metadata: read
2026-01-07T21:12:52.4570303Z Packages: read
2026-01-07T21:12:52.4570980Z ##[endgroup]
2026-01-07T21:12:52.4573553Z Secret source: Actions
2026-01-07T21:12:52.4574460Z Prepare workflow directory
2026-01-07T21:12:52.4915866Z Prepare all required actions
2026-01-07T21:12:52.4954449Z Getting action download info
2026-01-07T21:12:52.9929708Z Download action repository 'actions/checkout@v4' (SHA:34e114876b0b11c390a56381ad16ebd13914f8d5)
2026-01-07T21:12:53.0862190Z Download action repository 'actions/setup-python@v5' (SHA:a26af69be951a213d495a4c3e4e4022e16d87065)
2026-01-07T21:12:53.1727894Z Download action repository 'actions/upload-artifact@v4' (SHA:ea165f8d65b6e75b540449e92b4886f43607fa02)
2026-01-07T21:12:53.3867131Z Complete job name: scrape-dev
2026-01-07T21:12:53.4586135Z ##[group]Run actions/checkout@v4
2026-01-07T21:12:53.4587127Z with:
2026-01-07T21:12:53.4587933Z   repository: HugoFernandezz/Jaleo
2026-01-07T21:12:53.4588766Z   token: ***
2026-01-07T21:12:53.4589286Z   ssh-strict: true
2026-01-07T21:12:53.4589816Z   ssh-user: git
2026-01-07T21:12:53.4590363Z   persist-credentials: true
2026-01-07T21:12:53.4590951Z   clean: true
2026-01-07T21:12:53.4591481Z   sparse-checkout-cone-mode: true
2026-01-07T21:12:53.4592101Z   fetch-depth: 1
2026-01-07T21:12:53.4592627Z   fetch-tags: false
2026-01-07T21:12:53.4593161Z   show-progress: true
2026-01-07T21:12:53.4593710Z   lfs: false
2026-01-07T21:12:53.4594217Z   submodules: false
2026-01-07T21:12:53.4594767Z   set-safe-directory: true
2026-01-07T21:12:53.4595633Z ##[endgroup]
2026-01-07T21:12:53.5659575Z Syncing repository: HugoFernandezz/Jaleo
2026-01-07T21:12:53.5662041Z ##[group]Getting Git version info
2026-01-07T21:12:53.5662863Z Working directory is '/home/runner/work/Jaleo/Jaleo'
2026-01-07T21:12:53.5664093Z [command]/usr/bin/git version
2026-01-07T21:12:53.5736120Z git version 2.52.0
2026-01-07T21:12:53.5762354Z ##[endgroup]
2026-01-07T21:12:53.5776047Z Temporarily overriding HOME='/home/runner/work/_temp/d2c7b650-f11c-4de8-bb9c-a88e64a2e8fb' before making global git config changes
2026-01-07T21:12:53.5777580Z Adding repository directory to the temporary git global config as a safe directory
2026-01-07T21:12:53.5788423Z [command]/usr/bin/git config --global --add safe.directory /home/runner/work/Jaleo/Jaleo
2026-01-07T21:12:53.5826451Z Deleting the contents of '/home/runner/work/Jaleo/Jaleo'
2026-01-07T21:12:53.5830433Z ##[group]Initializing the repository
2026-01-07T21:12:53.5834079Z [command]/usr/bin/git init /home/runner/work/Jaleo/Jaleo
2026-01-07T21:12:53.5936023Z hint: Using 'master' as the name for the initial branch. This default branch name
2026-01-07T21:12:53.5938531Z hint: will change to "main" in Git 3.0. To configure the initial branch name
2026-01-07T21:12:53.5940384Z hint: to use in all of your new repositories, which will suppress this warning,
2026-01-07T21:12:53.5941958Z hint: call:
2026-01-07T21:12:53.5942474Z hint:
2026-01-07T21:12:53.5943098Z hint: 	git config --global init.defaultBranch <name>
2026-01-07T21:12:53.5943831Z hint:
2026-01-07T21:12:53.5944526Z hint: Names commonly chosen instead of 'master' are 'main', 'trunk' and
2026-01-07T21:12:53.5945758Z hint: 'development'. The just-created branch can be renamed via this command:
2026-01-07T21:12:53.5946900Z hint:
2026-01-07T21:12:53.5947420Z hint: 	git branch -m <name>
2026-01-07T21:12:53.5948217Z hint:
2026-01-07T21:12:53.5948969Z hint: Disable this message with "git config set advice.defaultBranchName false"
2026-01-07T21:12:53.5950090Z Initialized empty Git repository in /home/runner/work/Jaleo/Jaleo/.git/
2026-01-07T21:12:53.5952343Z [command]/usr/bin/git remote add origin https://github.com/HugoFernandezz/Jaleo
2026-01-07T21:12:53.5986268Z ##[endgroup]
2026-01-07T21:12:53.5987230Z ##[group]Disabling automatic garbage collection
2026-01-07T21:12:53.5990225Z [command]/usr/bin/git config --local gc.auto 0
2026-01-07T21:12:53.6018860Z ##[endgroup]
2026-01-07T21:12:53.6019732Z ##[group]Setting up auth
2026-01-07T21:12:53.6025450Z [command]/usr/bin/git config --local --name-only --get-regexp core\.sshCommand
2026-01-07T21:12:53.6054499Z [command]/usr/bin/git submodule foreach --recursive sh -c "git config --local --name-only --get-regexp 'core\.sshCommand' && git config --local --unset-all 'core.sshCommand' || :"
2026-01-07T21:12:53.6391770Z [command]/usr/bin/git config --local --name-only --get-regexp http\.https\:\/\/github\.com\/\.extraheader
2026-01-07T21:12:53.6424737Z [command]/usr/bin/git submodule foreach --recursive sh -c "git config --local --name-only --get-regexp 'http\.https\:\/\/github\.com\/\.extraheader' && git config --local --unset-all 'http.https://github.com/.extraheader' || :"
2026-01-07T21:12:53.6651971Z [command]/usr/bin/git config --local --name-only --get-regexp ^includeIf\.gitdir:
2026-01-07T21:12:53.6684509Z [command]/usr/bin/git submodule foreach --recursive git config --local --show-origin --name-only --get-regexp remote.origin.url
2026-01-07T21:12:53.6925186Z [command]/usr/bin/git config --local http.https://github.com/.extraheader AUTHORIZATION: basic ***
2026-01-07T21:12:53.6960531Z ##[endgroup]
2026-01-07T21:12:53.6962196Z ##[group]Fetching the repository
2026-01-07T21:12:53.6970531Z [command]/usr/bin/git -c protocol.version=2 fetch --no-tags --prune --no-recurse-submodules --depth=1 origin +2f071b6216891eac24349b86d982bd0b977fe44c:refs/remotes/origin/main
2026-01-07T21:12:54.2442589Z From https://github.com/HugoFernandezz/Jaleo
2026-01-07T21:12:54.2443846Z  * [new ref]         2f071b6216891eac24349b86d982bd0b977fe44c -> origin/main
2026-01-07T21:12:54.2476610Z ##[endgroup]
2026-01-07T21:12:54.2478638Z ##[group]Determining the checkout info
2026-01-07T21:12:54.2480455Z ##[endgroup]
2026-01-07T21:12:54.2484847Z [command]/usr/bin/git sparse-checkout disable
2026-01-07T21:12:54.2528321Z [command]/usr/bin/git config --local --unset-all extensions.worktreeConfig
2026-01-07T21:12:54.2557088Z ##[group]Checking out the ref
2026-01-07T21:12:54.2561415Z [command]/usr/bin/git checkout --progress --force -B main refs/remotes/origin/main
2026-01-07T21:12:54.2746591Z Switched to a new branch 'main'
2026-01-07T21:12:54.2750185Z branch 'main' set up to track 'origin/main'.
2026-01-07T21:12:54.2756843Z ##[endgroup]
2026-01-07T21:12:54.2793488Z [command]/usr/bin/git log -1 --format=%H
2026-01-07T21:12:54.2815786Z 2f071b6216891eac24349b86d982bd0b977fe44c
2026-01-07T21:12:54.3146235Z ##[group]Run actions/setup-python@v5
2026-01-07T21:12:54.3147797Z with:
2026-01-07T21:12:54.3148834Z   python-version: 3.11
2026-01-07T21:12:54.3149956Z   cache: pip
2026-01-07T21:12:54.3151152Z   cache-dependency-path: backend/requirements.txt
2026-01-07T21:12:54.3152680Z   check-latest: false
2026-01-07T21:12:54.3154077Z   token: ***
2026-01-07T21:12:54.3155116Z   update-environment: true
2026-01-07T21:12:54.3156337Z   allow-prereleases: false
2026-01-07T21:12:54.3157920Z   freethreaded: false
2026-01-07T21:12:54.3159028Z ##[endgroup]
2026-01-07T21:12:54.4869496Z ##[group]Installed versions
2026-01-07T21:12:54.4980737Z Successfully set up CPython (3.11.14)
2026-01-07T21:12:54.4984344Z ##[endgroup]
2026-01-07T21:12:54.5467331Z [command]/opt/hostedtoolcache/Python/3.11.14/x64/bin/pip cache dir
2026-01-07T21:12:56.2624286Z /home/runner/.cache/pip
2026-01-07T21:12:56.5563490Z Cache hit for: setup-python-Linux-x64-24.04-Ubuntu-python-3.11.14-pip-83ed06a9954eb76fb2c5d9b1d20f524f73b2888668f4040706d634dea223f6ca
2026-01-07T21:12:57.8391028Z Received 16777216 of 77326484 (21.7%), 16.0 MBs/sec
2026-01-07T21:12:58.3120371Z Received 77326484 of 77326484 (100.0%), 50.1 MBs/sec
2026-01-07T21:12:58.3128195Z Cache Size: ~74 MB (77326484 B)
2026-01-07T21:12:58.3182817Z [command]/usr/bin/tar -xf /home/runner/work/_temp/a5b00229-e763-434a-971f-2f62b0d6eb4b/cache.tzst -P -C /home/runner/work/Jaleo/Jaleo --use-compress-program unzstd
2026-01-07T21:12:58.4636806Z Cache restored successfully
2026-01-07T21:12:58.4792941Z Cache restored from key: setup-python-Linux-x64-24.04-Ubuntu-python-3.11.14-pip-83ed06a9954eb76fb2c5d9b1d20f524f73b2888668f4040706d634dea223f6ca
2026-01-07T21:12:58.4948719Z ##[group]Run cd backend
2026-01-07T21:12:58.4949151Z [36;1mcd backend[0m
2026-01-07T21:12:58.4949467Z [36;1mpip install -r requirements.txt[0m
2026-01-07T21:12:58.4989442Z shell: /usr/bin/bash -e ***0***
2026-01-07T21:12:58.4989786Z env:
2026-01-07T21:12:58.4990120Z   pythonLocation: /opt/hostedtoolcache/Python/3.11.14/x64
2026-01-07T21:12:58.4990633Z   PKG_CONFIG_PATH: /opt/hostedtoolcache/Python/3.11.14/x64/lib/pkgconfig
2026-01-07T21:12:58.4991139Z   Python_ROOT_DIR: /opt/hostedtoolcache/Python/3.11.14/x64
2026-01-07T21:12:58.4991582Z   Python2_ROOT_DIR: /opt/hostedtoolcache/Python/3.11.14/x64
2026-01-07T21:12:58.4992010Z   Python3_ROOT_DIR: /opt/hostedtoolcache/Python/3.11.14/x64
2026-01-07T21:12:58.4992448Z   LD_LIBRARY_PATH: /opt/hostedtoolcache/Python/3.11.14/x64/lib
2026-01-07T21:12:58.4992837Z ##[endgroup]
2026-01-07T21:12:59.7536224Z Collecting nodriver>=0.38 (from -r requirements.txt (line 5))
2026-01-07T21:12:59.7552988Z   Using cached nodriver-0.48.1-py3-none-any.whl.metadata (50 kB)
2026-01-07T21:12:59.7790292Z Collecting beautifulsoup4>=4.12.0 (from -r requirements.txt (line 6))
2026-01-07T21:12:59.7805646Z   Using cached beautifulsoup4-4.14.3-py3-none-any.whl.metadata (3.8 kB)
2026-01-07T21:12:59.7967143Z Collecting flask>=3.0.0 (from -r requirements.txt (line 9))
2026-01-07T21:12:59.7981972Z   Using cached flask-3.1.2-py3-none-any.whl.metadata (3.2 kB)
2026-01-07T21:12:59.8133906Z Collecting flask-cors>=4.0.0 (from -r requirements.txt (line 10))
2026-01-07T21:12:59.8148622Z   Using cached flask_cors-6.0.2-py3-none-any.whl.metadata (5.3 kB)
2026-01-07T21:12:59.8366887Z Collecting requests>=2.31.0 (from -r requirements.txt (line 13))
2026-01-07T21:12:59.8380960Z   Using cached requests-2.32.5-py3-none-any.whl.metadata (4.9 kB)
2026-01-07T21:12:59.8513472Z Collecting mss (from nodriver>=0.38->-r requirements.txt (line 5))
2026-01-07T21:12:59.8528043Z   Using cached mss-10.1.0-py3-none-any.whl.metadata (6.7 kB)
2026-01-07T21:12:59.9480388Z Collecting websockets>=14 (from nodriver>=0.38->-r requirements.txt (line 5))
2026-01-07T21:12:59.9496411Z   Using cached websockets-15.0.1-cp311-cp311-manylinux_2_5_x86_64.manylinux1_x86_64.manylinux_2_17_x86_64.manylinux2014_x86_64.whl.metadata (6.8 kB)
2026-01-07T21:12:59.9621348Z Collecting deprecated (from nodriver>=0.38->-r requirements.txt (line 5))
2026-01-07T21:12:59.9634893Z   Using cached deprecated-1.3.1-py2.py3-none-any.whl.metadata (5.9 kB)
2026-01-07T21:12:59.9801098Z Collecting soupsieve>=1.6.1 (from beautifulsoup4>=4.12.0->-r requirements.txt (line 6))
2026-01-07T21:12:59.9814530Z   Using cached soupsieve-2.8.1-py3-none-any.whl.metadata (4.6 kB)
2026-01-07T21:12:59.9968623Z Collecting typing-extensions>=4.0.0 (from beautifulsoup4>=4.12.0->-r requirements.txt (line 6))
2026-01-07T21:12:59.9982083Z   Using cached typing_extensions-4.15.0-py3-none-any.whl.metadata (3.3 kB)
2026-01-07T21:13:00.0085630Z Collecting blinker>=1.9.0 (from flask>=3.0.0->-r requirements.txt (line 9))
2026-01-07T21:13:00.0098621Z   Using cached blinker-1.9.0-py3-none-any.whl.metadata (1.6 kB)
2026-01-07T21:13:00.0239032Z Collecting click>=8.1.3 (from flask>=3.0.0->-r requirements.txt (line 9))
2026-01-07T21:13:00.0251677Z   Using cached click-8.3.1-py3-none-any.whl.metadata (2.6 kB)
2026-01-07T21:13:00.0340414Z Collecting itsdangerous>=2.2.0 (from flask>=3.0.0->-r requirements.txt (line 9))
2026-01-07T21:13:00.0353140Z   Using cached itsdangerous-2.2.0-py3-none-any.whl.metadata (1.9 kB)
2026-01-07T21:13:00.0470300Z Collecting jinja2>=3.1.2 (from flask>=3.0.0->-r requirements.txt (line 9))
2026-01-07T21:13:00.0483152Z   Using cached jinja2-3.1.6-py3-none-any.whl.metadata (2.9 kB)
2026-01-07T21:13:00.0973531Z Collecting markupsafe>=2.1.1 (from flask>=3.0.0->-r requirements.txt (line 9))
2026-01-07T21:13:00.0988404Z   Using cached markupsafe-3.0.3-cp311-cp311-manylinux2014_x86_64.manylinux_2_17_x86_64.manylinux_2_28_x86_64.whl.metadata (2.7 kB)
2026-01-07T21:13:00.1236336Z Collecting werkzeug>=3.1.0 (from flask>=3.0.0->-r requirements.txt (line 9))
2026-01-07T21:13:00.1250550Z   Using cached werkzeug-3.1.4-py3-none-any.whl.metadata (4.0 kB)
2026-01-07T21:13:00.2119128Z Collecting charset_normalizer<4,>=2 (from requests>=2.31.0->-r requirements.txt (line 13))
2026-01-07T21:13:00.2134552Z   Using cached charset_normalizer-3.4.4-cp311-cp311-manylinux2014_x86_64.manylinux_2_17_x86_64.manylinux_2_28_x86_64.whl.metadata (37 kB)
2026-01-07T21:13:00.2274070Z Collecting idna<4,>=2.5 (from requests>=2.31.0->-r requirements.txt (line 13))
2026-01-07T21:13:00.2287594Z   Using cached idna-3.11-py3-none-any.whl.metadata (8.4 kB)
2026-01-07T21:13:00.2569154Z Collecting urllib3<3,>=1.21.1 (from requests>=2.31.0->-r requirements.txt (line 13))
2026-01-07T21:13:00.3159972Z   Downloading urllib3-2.6.3-py3-none-any.whl.metadata (6.9 kB)
2026-01-07T21:13:00.3389538Z Collecting certifi>=2017.4.17 (from requests>=2.31.0->-r requirements.txt (line 13))
2026-01-07T21:13:00.3426513Z   Downloading certifi-2026.1.4-py3-none-any.whl.metadata (2.5 kB)
2026-01-07T21:13:00.4823387Z Collecting wrapt<3,>=1.10 (from deprecated->nodriver>=0.38->-r requirements.txt (line 5))
2026-01-07T21:13:00.4838704Z   Using cached wrapt-2.0.1-cp311-cp311-manylinux1_x86_64.manylinux_2_28_x86_64.manylinux_2_5_x86_64.whl.metadata (9.0 kB)
2026-01-07T21:13:00.4894180Z Using cached nodriver-0.48.1-py3-none-any.whl (366 kB)
2026-01-07T21:13:00.4909715Z Using cached beautifulsoup4-4.14.3-py3-none-any.whl (107 kB)
2026-01-07T21:13:00.4922531Z Using cached flask-3.1.2-py3-none-any.whl (103 kB)
2026-01-07T21:13:00.4935665Z Using cached flask_cors-6.0.2-py3-none-any.whl (13 kB)
2026-01-07T21:13:00.4948192Z Using cached requests-2.32.5-py3-none-any.whl (64 kB)
2026-01-07T21:13:00.4962011Z Using cached charset_normalizer-3.4.4-cp311-cp311-manylinux2014_x86_64.manylinux_2_17_x86_64.manylinux_2_28_x86_64.whl (151 kB)
2026-01-07T21:13:00.4975171Z Using cached idna-3.11-py3-none-any.whl (71 kB)
2026-01-07T21:13:00.5010580Z Downloading urllib3-2.6.3-py3-none-any.whl (131 kB)
2026-01-07T21:13:00.5274293Z Using cached blinker-1.9.0-py3-none-any.whl (8.5 kB)
2026-01-07T21:13:00.5306658Z Downloading certifi-2026.1.4-py3-none-any.whl (152 kB)
2026-01-07T21:13:00.5366376Z Using cached click-8.3.1-py3-none-any.whl (108 kB)
2026-01-07T21:13:00.5379844Z Using cached itsdangerous-2.2.0-py3-none-any.whl (16 kB)
2026-01-07T21:13:00.5392496Z Using cached jinja2-3.1.6-py3-none-any.whl (134 kB)
2026-01-07T21:13:00.5406201Z Using cached markupsafe-3.0.3-cp311-cp311-manylinux2014_x86_64.manylinux_2_17_x86_64.manylinux_2_28_x86_64.whl (22 kB)
2026-01-07T21:13:00.5418778Z Using cached soupsieve-2.8.1-py3-none-any.whl (36 kB)
2026-01-07T21:13:00.5431498Z Using cached typing_extensions-4.15.0-py3-none-any.whl (44 kB)
2026-01-07T21:13:00.5444556Z Using cached websockets-15.0.1-cp311-cp311-manylinux_2_5_x86_64.manylinux1_x86_64.manylinux_2_17_x86_64.manylinux2014_x86_64.whl (182 kB)
2026-01-07T21:13:00.5458272Z Using cached werkzeug-3.1.4-py3-none-any.whl (224 kB)
2026-01-07T21:13:00.5474891Z Using cached deprecated-1.3.1-py2.py3-none-any.whl (11 kB)
2026-01-07T21:13:00.5488324Z Using cached wrapt-2.0.1-cp311-cp311-manylinux1_x86_64.manylinux_2_28_x86_64.manylinux_2_5_x86_64.whl (114 kB)
2026-01-07T21:13:00.5501982Z Using cached mss-10.1.0-py3-none-any.whl (24 kB)
2026-01-07T21:13:00.6191853Z Installing collected packages: wrapt, websockets, urllib3, typing-extensions, soupsieve, mss, markupsafe, itsdangerous, idna, click, charset_normalizer, certifi, blinker, werkzeug, requests, jinja2, deprecated, beautifulsoup4, nodriver, flask, flask-cors
2026-01-07T21:13:01.6753407Z 
2026-01-07T21:13:01.6771388Z Successfully installed beautifulsoup4-4.14.3 blinker-1.9.0 certifi-2026.1.4 charset_normalizer-3.4.4 click-8.3.1 deprecated-1.3.1 flask-3.1.2 flask-cors-6.0.2 idna-3.11 itsdangerous-2.2.0 jinja2-3.1.6 markupsafe-3.0.3 mss-10.1.0 nodriver-0.48.1 requests-2.32.5 soupsieve-2.8.1 typing-extensions-4.15.0 urllib3-2.6.3 websockets-15.0.1 werkzeug-3.1.4 wrapt-2.0.1
2026-01-07T21:13:01.8484216Z ##[group]Run pip install firecrawl-py firebase-admin
2026-01-07T21:13:01.8484684Z [36;1mpip install firecrawl-py firebase-admin[0m
2026-01-07T21:13:01.8519310Z shell: /usr/bin/bash -e ***0***
2026-01-07T21:13:01.8519635Z env:
2026-01-07T21:13:01.8519956Z   pythonLocation: /opt/hostedtoolcache/Python/3.11.14/x64
2026-01-07T21:13:01.8520460Z   PKG_CONFIG_PATH: /opt/hostedtoolcache/Python/3.11.14/x64/lib/pkgconfig
2026-01-07T21:13:01.8520937Z   Python_ROOT_DIR: /opt/hostedtoolcache/Python/3.11.14/x64
2026-01-07T21:13:01.8521366Z   Python2_ROOT_DIR: /opt/hostedtoolcache/Python/3.11.14/x64
2026-01-07T21:13:01.8521791Z   Python3_ROOT_DIR: /opt/hostedtoolcache/Python/3.11.14/x64
2026-01-07T21:13:01.8522210Z   LD_LIBRARY_PATH: /opt/hostedtoolcache/Python/3.11.14/x64/lib
2026-01-07T21:13:01.8522582Z ##[endgroup]
2026-01-07T21:13:02.2594803Z Collecting firecrawl-py
2026-01-07T21:13:02.2610716Z   Using cached firecrawl_py-4.12.0-py3-none-any.whl.metadata (7.4 kB)
2026-01-07T21:13:02.2820490Z Collecting firebase-admin
2026-01-07T21:13:02.2835061Z   Using cached firebase_admin-7.1.0-py3-none-any.whl.metadata (1.7 kB)
2026-01-07T21:13:02.2859030Z Requirement already satisfied: requests in /opt/hostedtoolcache/Python/3.11.14/x64/lib/python3.11/site-packages (from firecrawl-py) (2.32.5)
2026-01-07T21:13:02.3023229Z Collecting httpx (from firecrawl-py)
2026-01-07T21:13:02.3037285Z   Using cached httpx-0.28.1-py3-none-any.whl.metadata (7.1 kB)
2026-01-07T21:13:02.3196223Z Collecting python-dotenv (from firecrawl-py)
2026-01-07T21:13:02.3210750Z   Using cached python_dotenv-1.2.1-py3-none-any.whl.metadata (25 kB)
2026-01-07T21:13:02.3239404Z Requirement already satisfied: websockets in /opt/hostedtoolcache/Python/3.11.14/x64/lib/python3.11/site-packages (from firecrawl-py) (15.0.1)
2026-01-07T21:13:02.3347810Z Collecting nest-asyncio (from firecrawl-py)
2026-01-07T21:13:02.3361478Z   Using cached nest_asyncio-1.6.0-py3-none-any.whl.metadata (2.8 kB)
2026-01-07T21:13:02.4537376Z Collecting pydantic>=2.0 (from firecrawl-py)
2026-01-07T21:13:02.4552430Z   Using cached pydantic-2.12.5-py3-none-any.whl.metadata (90 kB)
2026-01-07T21:13:02.9727220Z Collecting aiohttp (from firecrawl-py)
2026-01-07T21:13:03.0270492Z   Downloading aiohttp-3.13.3-cp311-cp311-manylinux2014_x86_64.manylinux_2_17_x86_64.manylinux_2_28_x86_64.whl.metadata (8.1 kB)
2026-01-07T21:13:03.0423493Z Collecting cachecontrol>=0.14.3 (from firebase-admin)
2026-01-07T21:13:03.0436573Z   Using cached cachecontrol-0.14.4-py3-none-any.whl.metadata (3.1 kB)
2026-01-07T21:13:03.0740630Z Collecting google-api-core<3.0.0dev,>=2.25.1 (from google-api-core[grpc]<3.0.0dev,>=2.25.1; platform_python_implementation != "PyPy"->firebase-admin)
2026-01-07T21:13:03.0752969Z   Using cached google_api_core-2.28.1-py3-none-any.whl.metadata (3.3 kB)
2026-01-07T21:13:03.0970635Z Collecting google-cloud-firestore>=2.21.0 (from firebase-admin)
2026-01-07T21:13:03.0983542Z   Using cached google_cloud_firestore-2.22.0-py3-none-any.whl.metadata (10 kB)
2026-01-07T21:13:03.1218690Z Collecting google-cloud-storage>=3.1.1 (from firebase-admin)
2026-01-07T21:13:03.1231549Z   Using cached google_cloud_storage-3.7.0-py3-none-any.whl.metadata (14 kB)
2026-01-07T21:13:03.1395561Z Collecting pyjwt>=2.10.1 (from pyjwt[crypto]>=2.10.1->firebase-admin)
2026-01-07T21:13:03.1408564Z   Using cached PyJWT-2.10.1-py3-none-any.whl.metadata (4.0 kB)
2026-01-07T21:13:03.1641463Z Collecting anyio (from httpx->firecrawl-py)
2026-01-07T21:13:03.1676669Z   Downloading anyio-4.12.1-py3-none-any.whl.metadata (4.3 kB)
2026-01-07T21:13:03.1716487Z Requirement already satisfied: certifi in /opt/hostedtoolcache/Python/3.11.14/x64/lib/python3.11/site-packages (from httpx->firecrawl-py) (2026.1.4)
2026-01-07T21:13:03.1865562Z Collecting httpcore==1.* (from httpx->firecrawl-py)
2026-01-07T21:13:03.1878301Z   Using cached httpcore-1.0.9-py3-none-any.whl.metadata (21 kB)
2026-01-07T21:13:03.1907091Z Requirement already satisfied: idna in /opt/hostedtoolcache/Python/3.11.14/x64/lib/python3.11/site-packages (from httpx->firecrawl-py) (3.11)
2026-01-07T21:13:03.2054904Z Collecting h2<5,>=3 (from httpx[http2]==0.28.1->firebase-admin)
2026-01-07T21:13:03.2067508Z   Using cached h2-4.3.0-py3-none-any.whl.metadata (5.1 kB)
2026-01-07T21:13:03.2235400Z Collecting googleapis-common-protos<2.0.0,>=1.56.2 (from google-api-core<3.0.0dev,>=2.25.1->google-api-core[grpc]<3.0.0dev,>=2.25.1; platform_python_implementation != "PyPy"->firebase-admin)
2026-01-07T21:13:03.2247941Z   Using cached googleapis_common_protos-1.72.0-py3-none-any.whl.metadata (9.4 kB)
2026-01-07T21:13:03.4355567Z Collecting protobuf!=3.20.0,!=3.20.1,!=4.21.0,!=4.21.1,!=4.21.2,!=4.21.3,!=4.21.4,!=4.21.5,<7.0.0,>=3.19.5 (from google-api-core<3.0.0dev,>=2.25.1->google-api-core[grpc]<3.0.0dev,>=2.25.1; platform_python_implementation != "PyPy"->firebase-admin)
2026-01-07T21:13:03.4369892Z   Using cached protobuf-6.33.2-cp39-abi3-manylinux2014_x86_64.whl.metadata (593 bytes)
2026-01-07T21:13:03.4519595Z Collecting proto-plus<2.0.0,>=1.22.3 (from google-api-core<3.0.0dev,>=2.25.1->google-api-core[grpc]<3.0.0dev,>=2.25.1; platform_python_implementation != "PyPy"->firebase-admin)
2026-01-07T21:13:03.4532143Z   Using cached proto_plus-1.27.0-py3-none-any.whl.metadata (2.2 kB)
2026-01-07T21:13:03.4887071Z Collecting google-auth<3.0.0,>=2.14.1 (from google-api-core<3.0.0dev,>=2.25.1->google-api-core[grpc]<3.0.0dev,>=2.25.1; platform_python_implementation != "PyPy"->firebase-admin)
2026-01-07T21:13:03.4933483Z   Downloading google_auth-2.47.0-py3-none-any.whl.metadata (6.4 kB)
2026-01-07T21:13:03.9884342Z Collecting grpcio<2.0.0,>=1.33.2 (from google-api-core[grpc]<3.0.0dev,>=2.25.1; platform_python_implementation != "PyPy"->firebase-admin)
2026-01-07T21:13:03.9900768Z   Using cached grpcio-1.76.0-cp311-cp311-manylinux2014_x86_64.manylinux_2_17_x86_64.whl.metadata (3.7 kB)
2026-01-07T21:13:04.0368559Z Collecting grpcio-status<2.0.0,>=1.33.2 (from google-api-core[grpc]<3.0.0dev,>=2.25.1; platform_python_implementation != "PyPy"->firebase-admin)
2026-01-07T21:13:04.0382792Z   Using cached grpcio_status-1.76.0-py3-none-any.whl.metadata (1.1 kB)
2026-01-07T21:13:04.0761123Z Collecting pyasn1-modules>=0.2.1 (from google-auth<3.0.0,>=2.14.1->google-api-core<3.0.0dev,>=2.25.1->google-api-core[grpc]<3.0.0dev,>=2.25.1; platform_python_implementation != "PyPy"->firebase-admin)
2026-01-07T21:13:04.0778196Z   Using cached pyasn1_modules-0.4.2-py3-none-any.whl.metadata (3.5 kB)
2026-01-07T21:13:04.0973007Z Collecting rsa<5,>=3.1.4 (from google-auth<3.0.0,>=2.14.1->google-api-core<3.0.0dev,>=2.25.1->google-api-core[grpc]<3.0.0dev,>=2.25.1; platform_python_implementation != "PyPy"->firebase-admin)
2026-01-07T21:13:04.0998448Z   Using cached rsa-4.9.1-py3-none-any.whl.metadata (5.6 kB)
2026-01-07T21:13:04.1606519Z Requirement already satisfied: typing-extensions~=4.12 in /opt/hostedtoolcache/Python/3.11.14/x64/lib/python3.11/site-packages (from grpcio<2.0.0,>=1.33.2->google-api-core[grpc]<3.0.0dev,>=2.25.1; platform_python_implementation != "PyPy"->firebase-admin) (4.15.0)
2026-01-07T21:13:04.2347899Z Collecting hyperframe<7,>=6.1 (from h2<5,>=3->httpx[http2]==0.28.1->firebase-admin)
2026-01-07T21:13:04.2361603Z   Using cached hyperframe-6.1.0-py3-none-any.whl.metadata (4.3 kB)
2026-01-07T21:13:04.2448141Z Collecting hpack<5,>=4.1 (from h2<5,>=3->httpx[http2]==0.28.1->firebase-admin)
2026-01-07T21:13:04.2461689Z   Using cached hpack-4.1.0-py3-none-any.whl.metadata (4.6 kB)
2026-01-07T21:13:04.2561230Z Collecting h11>=0.16 (from httpcore==1.*->httpx->firecrawl-py)
2026-01-07T21:13:04.2574732Z   Using cached h11-0.16.0-py3-none-any.whl.metadata (8.3 kB)
2026-01-07T21:13:04.3192589Z Requirement already satisfied: charset_normalizer<4,>=2 in /opt/hostedtoolcache/Python/3.11.14/x64/lib/python3.11/site-packages (from requests->firecrawl-py) (3.4.4)
2026-01-07T21:13:04.3200364Z Requirement already satisfied: urllib3<3,>=1.21.1 in /opt/hostedtoolcache/Python/3.11.14/x64/lib/python3.11/site-packages (from requests->firecrawl-py) (2.6.3)
2026-01-07T21:13:04.3414271Z Collecting pyasn1>=0.1.3 (from rsa<5,>=3.1.4->google-auth<3.0.0,>=2.14.1->google-api-core<3.0.0dev,>=2.25.1->google-api-core[grpc]<3.0.0dev,>=2.25.1; platform_python_implementation != "PyPy"->firebase-admin)
2026-01-07T21:13:04.3427444Z   Using cached pyasn1-0.6.1-py3-none-any.whl.metadata (8.4 kB)
2026-01-07T21:13:04.4060283Z Collecting msgpack<2.0.0,>=0.5.2 (from cachecontrol>=0.14.3->firebase-admin)
2026-01-07T21:13:04.4076434Z   Using cached msgpack-1.1.2-cp311-cp311-manylinux2014_x86_64.manylinux_2_17_x86_64.manylinux_2_28_x86_64.whl.metadata (8.1 kB)
2026-01-07T21:13:04.4521573Z Collecting google-cloud-core<3.0.0,>=1.4.1 (from google-cloud-firestore>=2.21.0->firebase-admin)
2026-01-07T21:13:04.4534789Z   Using cached google_cloud_core-2.5.0-py3-none-any.whl.metadata (3.1 kB)
2026-01-07T21:13:04.5939699Z Collecting google-resumable-media<3.0.0,>=2.7.2 (from google-cloud-storage>=3.1.1->firebase-admin)
2026-01-07T21:13:04.5954558Z   Using cached google_resumable_media-2.8.0-py3-none-any.whl.metadata (2.6 kB)
2026-01-07T21:13:04.6447113Z Collecting google-crc32c<2.0.0,>=1.1.3 (from google-cloud-storage>=3.1.1->firebase-admin)
2026-01-07T21:13:04.6464051Z   Using cached google_crc32c-1.8.0-cp311-cp311-manylinux1_x86_64.manylinux2014_x86_64.manylinux_2_17_x86_64.manylinux_2_5_x86_64.whl.metadata (1.7 kB)
2026-01-07T21:13:04.6669877Z Collecting annotated-types>=0.6.0 (from pydantic>=2.0->firecrawl-py)
2026-01-07T21:13:04.6684362Z   Using cached annotated_types-0.7.0-py3-none-any.whl.metadata (15 kB)
2026-01-07T21:13:05.3949742Z Collecting pydantic-core==2.41.5 (from pydantic>=2.0->firecrawl-py)
2026-01-07T21:13:05.3967573Z   Using cached pydantic_core-2.41.5-cp311-cp311-manylinux_2_17_x86_64.manylinux2014_x86_64.whl.metadata (7.3 kB)
2026-01-07T21:13:05.4059224Z Collecting typing-inspection>=0.4.2 (from pydantic>=2.0->firecrawl-py)
2026-01-07T21:13:05.4074423Z   Using cached typing_inspection-0.4.2-py3-none-any.whl.metadata (2.6 kB)
2026-01-07T21:13:05.5866177Z Collecting cryptography>=3.4.0 (from pyjwt[crypto]>=2.10.1->firebase-admin)
2026-01-07T21:13:05.5882552Z   Using cached cryptography-46.0.3-cp311-abi3-manylinux_2_34_x86_64.whl.metadata (5.7 kB)
2026-01-07T21:13:05.6916564Z Collecting cffi>=2.0.0 (from cryptography>=3.4.0->pyjwt[crypto]>=2.10.1->firebase-admin)
2026-01-07T21:13:05.6933502Z   Using cached cffi-2.0.0-cp311-cp311-manylinux2014_x86_64.manylinux_2_17_x86_64.whl.metadata (2.6 kB)
2026-01-07T21:13:05.7044471Z Collecting pycparser (from cffi>=2.0.0->cryptography>=3.4.0->pyjwt[crypto]>=2.10.1->firebase-admin)
2026-01-07T21:13:05.7058648Z   Using cached pycparser-2.23-py3-none-any.whl.metadata (993 bytes)
2026-01-07T21:13:05.7214275Z Collecting aiohappyeyeballs>=2.5.0 (from aiohttp->firecrawl-py)
2026-01-07T21:13:05.7228494Z   Using cached aiohappyeyeballs-2.6.1-py3-none-any.whl.metadata (5.9 kB)
2026-01-07T21:13:05.7312757Z Collecting aiosignal>=1.4.0 (from aiohttp->firecrawl-py)
2026-01-07T21:13:05.7327014Z   Using cached aiosignal-1.4.0-py3-none-any.whl.metadata (3.7 kB)
2026-01-07T21:13:05.7461026Z Collecting attrs>=17.3.0 (from aiohttp->firecrawl-py)
2026-01-07T21:13:05.7474425Z   Using cached attrs-25.4.0-py3-none-any.whl.metadata (10 kB)
2026-01-07T21:13:05.8128079Z Collecting frozenlist>=1.1.1 (from aiohttp->firecrawl-py)
2026-01-07T21:13:05.8145802Z   Using cached frozenlist-1.8.0-cp311-cp311-manylinux1_x86_64.manylinux_2_28_x86_64.manylinux_2_5_x86_64.whl.metadata (20 kB)
2026-01-07T21:13:06.1165284Z Collecting multidict<7.0,>=4.5 (from aiohttp->firecrawl-py)
2026-01-07T21:13:06.1182241Z   Using cached multidict-6.7.0-cp311-cp311-manylinux2014_x86_64.manylinux_2_17_x86_64.manylinux_2_28_x86_64.whl.metadata (5.3 kB)
2026-01-07T21:13:06.1699616Z Collecting propcache>=0.2.0 (from aiohttp->firecrawl-py)
2026-01-07T21:13:06.1716823Z   Using cached propcache-0.4.1-cp311-cp311-manylinux2014_x86_64.manylinux_2_17_x86_64.manylinux_2_28_x86_64.whl.metadata (13 kB)
2026-01-07T21:13:06.4065653Z Collecting yarl<2.0,>=1.17.0 (from aiohttp->firecrawl-py)
2026-01-07T21:13:06.4082597Z   Using cached yarl-1.22.0-cp311-cp311-manylinux2014_x86_64.manylinux_2_17_x86_64.manylinux_2_28_x86_64.whl.metadata (75 kB)
2026-01-07T21:13:06.4447520Z Using cached firecrawl_py-4.12.0-py3-none-any.whl (201 kB)
2026-01-07T21:13:06.4463158Z Using cached firebase_admin-7.1.0-py3-none-any.whl (137 kB)
2026-01-07T21:13:06.4477876Z Using cached httpx-0.28.1-py3-none-any.whl (73 kB)
2026-01-07T21:13:06.4492047Z Using cached google_api_core-2.28.1-py3-none-any.whl (173 kB)
2026-01-07T21:13:06.4536563Z Downloading google_auth-2.47.0-py3-none-any.whl (234 kB)
2026-01-07T21:13:06.4833367Z Using cached googleapis_common_protos-1.72.0-py3-none-any.whl (297 kB)
2026-01-07T21:13:06.4849372Z Using cached grpcio-1.76.0-cp311-cp311-manylinux2014_x86_64.manylinux_2_17_x86_64.whl (6.6 MB)
2026-01-07T21:13:06.4911332Z Using cached grpcio_status-1.76.0-py3-none-any.whl (14 kB)
2026-01-07T21:13:06.4924347Z Using cached h2-4.3.0-py3-none-any.whl (61 kB)
2026-01-07T21:13:06.4937558Z Using cached hpack-4.1.0-py3-none-any.whl (34 kB)
2026-01-07T21:13:06.4950994Z Using cached httpcore-1.0.9-py3-none-any.whl (78 kB)
2026-01-07T21:13:06.4964458Z Using cached hyperframe-6.1.0-py3-none-any.whl (13 kB)
2026-01-07T21:13:06.4977859Z Using cached proto_plus-1.27.0-py3-none-any.whl (50 kB)
2026-01-07T21:13:06.4991235Z Using cached protobuf-6.33.2-cp39-abi3-manylinux2014_x86_64.whl (323 kB)
2026-01-07T21:13:06.5006297Z Using cached rsa-4.9.1-py3-none-any.whl (34 kB)
2026-01-07T21:13:06.5019646Z Using cached cachecontrol-0.14.4-py3-none-any.whl (22 kB)
2026-01-07T21:13:06.5033129Z Using cached msgpack-1.1.2-cp311-cp311-manylinux2014_x86_64.manylinux_2_17_x86_64.manylinux_2_28_x86_64.whl (426 kB)
2026-01-07T21:13:06.5049087Z Using cached google_cloud_firestore-2.22.0-py3-none-any.whl (377 kB)
2026-01-07T21:13:06.5064521Z Using cached google_cloud_core-2.5.0-py3-none-any.whl (29 kB)
2026-01-07T21:13:06.5077973Z Using cached google_cloud_storage-3.7.0-py3-none-any.whl (303 kB)
2026-01-07T21:13:06.5093892Z Using cached google_crc32c-1.8.0-cp311-cp311-manylinux1_x86_64.manylinux2014_x86_64.manylinux_2_17_x86_64.manylinux_2_5_x86_64.whl (33 kB)
2026-01-07T21:13:06.5106906Z Using cached google_resumable_media-2.8.0-py3-none-any.whl (81 kB)
2026-01-07T21:13:06.5120258Z Using cached h11-0.16.0-py3-none-any.whl (37 kB)
2026-01-07T21:13:06.5133482Z Using cached pyasn1-0.6.1-py3-none-any.whl (83 kB)
2026-01-07T21:13:06.5146943Z Using cached pyasn1_modules-0.4.2-py3-none-any.whl (181 kB)
2026-01-07T21:13:06.5161407Z Using cached pydantic-2.12.5-py3-none-any.whl (463 kB)
2026-01-07T21:13:06.5178213Z Using cached pydantic_core-2.41.5-cp311-cp311-manylinux_2_17_x86_64.manylinux2014_x86_64.whl (2.1 MB)
2026-01-07T21:13:06.5206855Z Using cached annotated_types-0.7.0-py3-none-any.whl (13 kB)
2026-01-07T21:13:06.5220166Z Using cached PyJWT-2.10.1-py3-none-any.whl (22 kB)
2026-01-07T21:13:06.5233509Z Using cached cryptography-46.0.3-cp311-abi3-manylinux_2_34_x86_64.whl (4.5 MB)
2026-01-07T21:13:06.5279406Z Using cached cffi-2.0.0-cp311-cp311-manylinux2014_x86_64.manylinux_2_17_x86_64.whl (215 kB)
2026-01-07T21:13:06.5293641Z Using cached typing_inspection-0.4.2-py3-none-any.whl (14 kB)
2026-01-07T21:13:06.5335477Z Downloading aiohttp-3.13.3-cp311-cp311-manylinux2014_x86_64.manylinux_2_17_x86_64.manylinux_2_28_x86_64.whl (1.7 MB)
2026-01-07T21:13:06.5488532Z    ━━━━━━━━━━━━━━━━━━━━━━━━━━━━━━━━━━━━━━━━ 1.7/1.7 MB 149.4 MB/s  0:00:00
2026-01-07T21:13:06.5504564Z Using cached multidict-6.7.0-cp311-cp311-manylinux2014_x86_64.manylinux_2_17_x86_64.manylinux_2_28_x86_64.whl (246 kB)
2026-01-07T21:13:06.5520096Z Using cached yarl-1.22.0-cp311-cp311-manylinux2014_x86_64.manylinux_2_17_x86_64.manylinux_2_28_x86_64.whl (365 kB)
2026-01-07T21:13:06.5535904Z Using cached aiohappyeyeballs-2.6.1-py3-none-any.whl (15 kB)
2026-01-07T21:13:06.5549347Z Using cached aiosignal-1.4.0-py3-none-any.whl (7.5 kB)
2026-01-07T21:13:06.5564764Z Using cached attrs-25.4.0-py3-none-any.whl (67 kB)
2026-01-07T21:13:06.5579126Z Using cached frozenlist-1.8.0-cp311-cp311-manylinux1_x86_64.manylinux_2_28_x86_64.manylinux_2_5_x86_64.whl (231 kB)
2026-01-07T21:13:06.5594643Z Using cached propcache-0.4.1-cp311-cp311-manylinux2014_x86_64.manylinux_2_17_x86_64.manylinux_2_28_x86_64.whl (210 kB)
2026-01-07T21:13:06.5634158Z Downloading anyio-4.12.1-py3-none-any.whl (113 kB)
2026-01-07T21:13:06.5678472Z Using cached nest_asyncio-1.6.0-py3-none-any.whl (5.2 kB)
2026-01-07T21:13:06.5692073Z Using cached pycparser-2.23-py3-none-any.whl (118 kB)
2026-01-07T21:13:06.5705987Z Using cached python_dotenv-1.2.1-py3-none-any.whl (21 kB)
2026-01-07T21:13:06.6959032Z Installing collected packages: typing-inspection, python-dotenv, pyjwt, pydantic-core, pycparser, pyasn1, protobuf, propcache, nest-asyncio, multidict, msgpack, hyperframe, hpack, h11, grpcio, google-crc32c, frozenlist, attrs, anyio, annotated-types, aiohappyeyeballs, yarl, rsa, pydantic, pyasn1-modules, proto-plus, httpcore, h2, googleapis-common-protos, google-resumable-media, cffi, cachecontrol, aiosignal, httpx, grpcio-status, google-auth, cryptography, aiohttp, google-api-core, firecrawl-py, google-cloud-core, google-cloud-storage, google-cloud-firestore, firebase-admin
2026-01-07T21:13:09.4456897Z 
2026-01-07T21:13:09.4494502Z Successfully installed aiohappyeyeballs-2.6.1 aiohttp-3.13.3 aiosignal-1.4.0 annotated-types-0.7.0 anyio-4.12.1 attrs-25.4.0 cachecontrol-0.14.4 cffi-2.0.0 cryptography-46.0.3 firebase-admin-7.1.0 firecrawl-py-4.12.0 frozenlist-1.8.0 google-api-core-2.28.1 google-auth-2.47.0 google-cloud-core-2.5.0 google-cloud-firestore-2.22.0 google-cloud-storage-3.7.0 google-crc32c-1.8.0 google-resumable-media-2.8.0 googleapis-common-protos-1.72.0 grpcio-1.76.0 grpcio-status-1.76.0 h11-0.16.0 h2-4.3.0 hpack-4.1.0 httpcore-1.0.9 httpx-0.28.1 hyperframe-6.1.0 msgpack-1.1.2 multidict-6.7.0 nest-asyncio-1.6.0 propcache-0.4.1 proto-plus-1.27.0 protobuf-6.33.2 pyasn1-0.6.1 pyasn1-modules-0.4.2 pycparser-2.23 pydantic-2.12.5 pydantic-core-2.41.5 pyjwt-2.10.1 python-dotenv-1.2.1 rsa-4.9.1 typing-inspection-0.4.2 yarl-1.22.0
2026-01-07T21:13:10.2287303Z ##[group]Run mkdir -p backend/data
2026-01-07T21:13:10.2288016Z [36;1mmkdir -p backend/data[0m
2026-01-07T21:13:10.2322625Z shell: /usr/bin/bash -e ***0***
2026-01-07T21:13:10.2322941Z env:
2026-01-07T21:13:10.2323260Z   pythonLocation: /opt/hostedtoolcache/Python/3.11.14/x64
2026-01-07T21:13:10.2323751Z   PKG_CONFIG_PATH: /opt/hostedtoolcache/Python/3.11.14/x64/lib/pkgconfig
2026-01-07T21:13:10.2324226Z   Python_ROOT_DIR: /opt/hostedtoolcache/Python/3.11.14/x64
2026-01-07T21:13:10.2324658Z   Python2_ROOT_DIR: /opt/hostedtoolcache/Python/3.11.14/x64
2026-01-07T21:13:10.2325080Z   Python3_ROOT_DIR: /opt/hostedtoolcache/Python/3.11.14/x64
2026-01-07T21:13:10.2325492Z   LD_LIBRARY_PATH: /opt/hostedtoolcache/Python/3.11.14/x64/lib
2026-01-07T21:13:10.2325844Z ##[endgroup]
2026-01-07T21:13:10.2421588Z ##[group]Run cd backend
2026-01-07T21:13:10.2421891Z [36;1mcd backend[0m
2026-01-07T21:13:10.2422209Z [36;1mecho "$FIREBASE_KEY" > serviceAccountKey.json[0m
2026-01-07T21:13:10.2452251Z shell: /usr/bin/bash -e ***0***
2026-01-07T21:13:10.2452716Z env:
2026-01-07T21:13:10.2453036Z   pythonLocation: /opt/hostedtoolcache/Python/3.11.14/x64
2026-01-07T21:13:10.2453526Z   PKG_CONFIG_PATH: /opt/hostedtoolcache/Python/3.11.14/x64/lib/pkgconfig
2026-01-07T21:13:10.2454012Z   Python_ROOT_DIR: /opt/hostedtoolcache/Python/3.11.14/x64
2026-01-07T21:13:10.2454430Z   Python2_ROOT_DIR: /opt/hostedtoolcache/Python/3.11.14/x64
2026-01-07T21:13:10.2454856Z   Python3_ROOT_DIR: /opt/hostedtoolcache/Python/3.11.14/x64
2026-01-07T21:13:10.2455275Z   LD_LIBRARY_PATH: /opt/hostedtoolcache/Python/3.11.14/x64/lib
2026-01-07T21:13:10.2464710Z   FIREBASE_KEY: ***

2026-01-07T21:13:10.2464978Z ##[endgroup]
2026-01-07T21:13:10.2541655Z ##[group]Run cd backend
2026-01-07T21:13:10.2541959Z [36;1mcd backend[0m
2026-01-07T21:13:10.2542260Z [36;1mpython scraper_firecrawl_dev.py --upload[0m
2026-01-07T21:13:10.2572613Z shell: /usr/bin/bash -e ***0***
2026-01-07T21:13:10.2572917Z env:
2026-01-07T21:13:10.2573235Z   pythonLocation: /opt/hostedtoolcache/Python/3.11.14/x64
2026-01-07T21:13:10.2573725Z   PKG_CONFIG_PATH: /opt/hostedtoolcache/Python/3.11.14/x64/lib/pkgconfig
2026-01-07T21:13:10.2574191Z   Python_ROOT_DIR: /opt/hostedtoolcache/Python/3.11.14/x64
2026-01-07T21:13:10.2574608Z   Python2_ROOT_DIR: /opt/hostedtoolcache/Python/3.11.14/x64
2026-01-07T21:13:10.2575034Z   Python3_ROOT_DIR: /opt/hostedtoolcache/Python/3.11.14/x64
2026-01-07T21:13:10.2575450Z   LD_LIBRARY_PATH: /opt/hostedtoolcache/Python/3.11.14/x64/lib
2026-01-07T21:13:10.2575887Z   FIRECRAWL_API_KEY: ***
2026-01-07T21:13:10.2576149Z ##[endgroup]
2026-01-07T21:14:33.9388848Z ============================================================
2026-01-07T21:14:33.9389796Z PartyFinder - Firecrawl Scraper
2026-01-07T21:14:33.9390471Z ============================================================
2026-01-07T21:14:33.9390933Z 
2026-01-07T21:14:33.9391723Z 📡 Scrapeando: https://web.fourvenues.com/es/sala-rem/events
2026-01-07T21:14:33.9392606Z    Status: 200
2026-01-07T21:14:33.9393258Z    HTML: 40008 bytes
2026-01-07T21:14:33.9393776Z    Raw HTML: 384604 bytes
2026-01-07T21:14:33.9394402Z    Markdown: 1515 caracteres
2026-01-07T21:14:33.9395243Z [DEBUG D] scraper_firecrawl_dev.py:888: Datos recibidos de Firecrawl
2026-01-07T21:14:33.9396543Z [DEBUG D] scraper_firecrawl_dev.py:914: HTML seleccionado para extracción
2026-01-07T21:14:33.9397978Z [DEBUG A] scraper_firecrawl_dev.py:87: extract_events_from_html START
2026-01-07T21:14:33.9399121Z    🔍 Debug: 0 enlaces con '/events/' encontrados
2026-01-07T21:14:33.9400069Z [DEBUG A] scraper_firecrawl_dev.py:104: Enlaces encontrados
2026-01-07T21:14:33.9401124Z    🔍 Debug Estrategia 1 (Sala Rem): 0 enlaces con '/events/' encontrados
2026-01-07T21:14:33.9402199Z [DEBUG A] scraper_firecrawl_dev.py:121: Sala REM detectada - enlaces encontrados
2026-01-07T21:14:33.9403461Z    🔍 Debug Estrategia 2a: 0 elementos con data-testid encontrados
2026-01-07T21:14:33.9404102Z    🔍 Debug Estrategia 2b: 0 divs con 'event' y 'card' encontrados
2026-01-07T21:14:33.9404576Z    🔍 Debug Estrategia 3: Intentando fallback simple...
2026-01-07T21:14:33.9405042Z    🔍 Debug Estrategia 3: 0 eventos encontrados con fallback
2026-01-07T21:14:33.9405509Z    🔍 Intentando extraer desde markdown (1515 caracteres)...
2026-01-07T21:14:33.9405904Z    🔍 Markdown preview: January 2026
2026-01-07T21:14:33.9406103Z 
2026-01-07T21:14:33.9406203Z ## Thu08Jan
2026-01-07T21:14:33.9406333Z 
2026-01-07T21:14:33.9406429Z 02:00 AM
2026-01-07T21:14:33.9406643Z 07:00 AM
2026-01-07T21:14:33.9406761Z 
2026-01-07T21:14:33.9406765Z 
2026-01-07T21:14:33.9406876Z JUEVES UNIVERSITARIO
2026-01-07T21:14:33.9407032Z 
2026-01-07T21:14:33.9407125Z ## Fri09Jan
2026-01-07T21:14:33.9407260Z 
2026-01-07T21:14:33.9407353Z 02:30 AM
2026-01-07T21:14:33.9407554Z 07:00 AM
2026-01-07T21:14:33.9407925Z 
2026-01-07T21:14:33.9407929Z 
2026-01-07T21:14:33.9408054Z FRIDAY SESSION \| SALA REM
2026-01-07T21:14:33.9408225Z 
2026-01-07T21:14:33.9408316Z ## Sat10Jan
2026-01-07T21:14:33.9408438Z 
2026-01-07T21:14:33.9408530Z 02:30 AM
2026-01-07T21:14:33.9409025Z 07:00 AM
2026-01-07T21:14:33.9409147Z 
2026-01-07T21:14:33.9409151Z 
2026-01-07T21:14:33.9409272Z SABADO CON NANDO COSTA EN SALA REM
2026-01-07T21:14:33.9409470Z 
2026-01-07T21:14:33.9409562Z #...
2026-01-07T21:14:33.9409848Z    🔍 Markdown links encontrados: 3
2026-01-07T21:14:33.9410302Z    🔍 Link 1: [Aviso legal](https://web.fourvenues.com/legal/aviso-legal)
2026-01-07T21:14:33.9411310Z    🔍 Link 2: [Política de Cookies](https://web.fourvenues.com/legal/politica-de-cookies)
2026-01-07T21:14:33.9412050Z    🔍 Link 3: [Política de Privacidad](https://web.fourvenues.com/legal/politica-de-privacidad)
2026-01-07T21:14:33.9412882Z    🔍 Buscando URLs de eventos directamente en markdown y HTML...
2026-01-07T21:14:33.9413339Z    🔍 URLs encontradas en markdown: 0
2026-01-07T21:14:33.9413690Z    🔍 URLs encontradas en HTML: 0
2026-01-07T21:14:33.9414092Z    🔍 URLs directas encontradas (Sala Rem): 0 códigos únicos
2026-01-07T21:14:33.9414518Z    🔍 Buscando URLs reales de eventos en HTML...
2026-01-07T21:14:33.9414970Z [DEBUG E] scraper_firecrawl_dev.py:486: Buscando URLs reales en HTML/rawHtml
2026-01-07T21:14:33.9415440Z    🔍 URLs de eventos encontradas en HTML: 2
2026-01-07T21:14:33.9415856Z [DEBUG E] scraper_firecrawl_dev.py:514: URLs encontradas (antes de filtrar)
2026-01-07T21:14:33.9416407Z [DEBUG E] scraper_firecrawl_dev.py:589: URL procesada y añadida
2026-01-07T21:14:33.9416900Z [DEBUG E] scraper_firecrawl_dev.py:589: URL procesada y añadida
2026-01-07T21:14:33.9417319Z    🔍 Procesando 2 URLs únicas de eventos...
2026-01-07T21:14:33.9418832Z    🔍 Evento encontrado en HTML: $***Message.Evento_Slug*** $***Message.Evento_ - codigo***` - https://web.fourvenues.com/sala-rem/events/$***message.evento_slug***-$***message.even...
2026-01-07T21:14:33.9419785Z    🔍 Evento encontrado en HTML: $***Message.Evento_Slug*** $***Message.Evento_Codigo***`)
2026-01-07T21:14:33.9420130Z 
2026-01-07T21:14:33.9420226Z     
2026-01-07T21:14:33.9420446Z       ***
2026-01-07T21:14:33.9420574Z 
2026-01-07T21:14:33.9420687Z     ***
2026-01-07T21:14:33.9420937Z     Window.Eventspage = New Eventspage();
2026-01-07T21:14:33.9421280Z   ***)()
2026-01-07T21:14:33.9421494Z </Script>
2026-01-07T21:14:33.9422189Z </Div><Script>(Function()***Function C()***Var B=A.Contentdocument||A.Contentwindow.Document;If(B)***Var D=B.Create - Element( - https://web.fourvenues.com/, `/events?date=$***year***-$***month***`);
2026-01-07T21:14:33.9422928Z         window.na...
2026-01-07T21:14:33.9423316Z [DEBUG E] scraper_firecrawl_dev.py:609: URLs reales extraídas
2026-01-07T21:14:33.9423733Z    🔍 Markdown: 2 eventos encontrados
2026-01-07T21:14:33.9424126Z [DEBUG A] scraper_firecrawl_dev.py:823: extract_events_from_html END
2026-01-07T21:14:33.9424755Z [DEBUG D] scraper_firecrawl_dev.py:924: Eventos extraídos después de extract_events_from_html
2026-01-07T21:14:33.9425257Z    ✅ 2 eventos encontrados
2026-01-07T21:14:33.9425426Z 
2026-01-07T21:14:33.9425571Z 🔍 Deduplicando 2 eventos...
2026-01-07T21:14:33.9426048Z [DEBUG A] scraper_firecrawl.py:2112: Procesando evento para deduplicación
2026-01-07T21:14:33.9426619Z [DEBUG B] scraper_firecrawl.py:2147: Deduplicación Sala Rem
2026-01-07T21:14:33.9427277Z    ⚠️ No se pudo extraer fecha para $***Message.Evento_Slug*** $***Message.Evento_, usando URL para deduplicación
2026-01-07T21:14:33.9428212Z    ✅ Evento único añadido: $***Message.Evento_Slug*** $***Message.Evento_ - codigo***`
2026-01-07T21:14:33.9428754Z [DEBUG F] scraper_firecrawl.py:2200: Evento único añadido
2026-01-07T21:14:33.9429267Z [DEBUG A] scraper_firecrawl.py:2112: Procesando evento para deduplicación
2026-01-07T21:14:33.9429799Z [DEBUG B] scraper_firecrawl.py:2147: Deduplicación Sala Rem
2026-01-07T21:14:33.9430367Z    ⚠️ No se pudo extraer fecha para $***Message.Evento_Slug*** $***Message.Evento_Codigo***`)
2026-01-07T21:14:33.9430701Z 
2026-01-07T21:14:33.9430795Z     
2026-01-07T21:14:33.9431020Z       ***
2026-01-07T21:14:33.9431147Z 
2026-01-07T21:14:33.9431245Z     ***
2026-01-07T21:14:33.9431489Z     Window.Eventspage = New Eventspage();
2026-01-07T21:14:33.9431960Z   ***)()
2026-01-07T21:14:33.9432182Z </Script>
2026-01-07T21:14:33.9432832Z </Div><Script>(Function()***Function C()***Var B=A.Contentdocument||A.Contentwindow.Document;If(B)***Var D=B.Create, usando URL para deduplicación
2026-01-07T21:14:33.9433637Z    ✅ Evento único añadido: $***Message.Evento_Slug*** $***Message.Evento_Codigo***`)
2026-01-07T21:14:33.9433952Z 
2026-01-07T21:14:33.9434045Z     
2026-01-07T21:14:33.9434258Z       ***
2026-01-07T21:14:33.9434379Z 
2026-01-07T21:14:33.9434480Z     ***
2026-01-07T21:14:33.9434729Z     Window.Eventspage = New Eventspage();
2026-01-07T21:14:33.9435033Z   ***)()
2026-01-07T21:14:33.9435390Z </Script>
2026-01-07T21:14:33.9435878Z </Div><Script>(Function()***Function C()***Var B=A.Contentdocument||A.Contentwindow.Document;If(B)***Var D=B.Create - Element(
2026-01-07T21:14:33.9436545Z [DEBUG F] scraper_firecrawl.py:2200: Evento único añadido
2026-01-07T21:14:33.9436793Z 
2026-01-07T21:14:33.9436958Z 🎫 Obteniendo detalles de 2 eventos...
2026-01-07T21:14:33.9437325Z    [1/2] $***Message.Evento_Slug*** $***Message.Evento_...
2026-01-07T21:14:33.9437896Z [DEBUG F] scraper_firecrawl.py:878: Procesando evento en scrape_all_events
2026-01-07T21:14:33.9438374Z [DEBUG A] scraper_firecrawl.py:269: scrape_event_details START
2026-01-07T21:14:33.9438778Z [DEBUG A] scraper_firecrawl.py:297: Markdown recibido
2026-01-07T21:14:33.9439178Z [DEBUG A] scraper_firecrawl.py:312: Iniciando parsing markdown
2026-01-07T21:14:33.9439639Z [DEBUG A] scraper_firecrawl.py:316: Procesando línea 0
2026-01-07T21:14:33.9440062Z [DEBUG A] scraper_firecrawl.py:316: Procesando línea 1
2026-01-07T21:14:33.9440495Z [DEBUG A] scraper_firecrawl.py:316: Procesando línea 2
2026-01-07T21:14:33.9440920Z [DEBUG A] scraper_firecrawl.py:316: Procesando línea 3
2026-01-07T21:14:33.9441335Z [DEBUG A] scraper_firecrawl.py:316: Procesando línea 4
2026-01-07T21:14:33.9441760Z [DEBUG A] scraper_firecrawl.py:316: Procesando línea 5
2026-01-07T21:14:33.9442175Z [DEBUG A] scraper_firecrawl.py:316: Procesando línea 6
2026-01-07T21:14:33.9442605Z [DEBUG A] scraper_firecrawl.py:316: Procesando línea 7
2026-01-07T21:14:33.9443023Z [DEBUG A] scraper_firecrawl.py:316: Procesando línea 8
2026-01-07T21:14:33.9443454Z [DEBUG A] scraper_firecrawl.py:316: Procesando línea 9
2026-01-07T21:14:33.9443884Z [DEBUG A] scraper_firecrawl.py:316: Procesando línea 10
2026-01-07T21:14:33.9444319Z [DEBUG A] scraper_firecrawl.py:316: Procesando línea 11
2026-01-07T21:14:33.9444750Z [DEBUG A] scraper_firecrawl.py:316: Procesando línea 12
2026-01-07T21:14:33.9445173Z [DEBUG A] scraper_firecrawl.py:316: Procesando línea 13
2026-01-07T21:14:33.9445605Z [DEBUG A] scraper_firecrawl.py:316: Procesando línea 14
2026-01-07T21:14:33.9446025Z [DEBUG A] scraper_firecrawl.py:316: Procesando línea 15
2026-01-07T21:14:33.9446447Z [DEBUG A] scraper_firecrawl.py:316: Procesando línea 16
2026-01-07T21:14:33.9446869Z [DEBUG A] scraper_firecrawl.py:316: Procesando línea 17
2026-01-07T21:14:33.9447301Z [DEBUG A] scraper_firecrawl.py:316: Procesando línea 18
2026-01-07T21:14:33.9447833Z [DEBUG A] scraper_firecrawl.py:316: Procesando línea 19
2026-01-07T21:14:33.9448267Z [DEBUG A] scraper_firecrawl.py:316: Procesando línea 20
2026-01-07T21:14:33.9448690Z [DEBUG A] scraper_firecrawl.py:316: Procesando línea 21
2026-01-07T21:14:33.9449111Z [DEBUG A] scraper_firecrawl.py:316: Procesando línea 22
2026-01-07T21:14:33.9449538Z [DEBUG A] scraper_firecrawl.py:316: Procesando línea 23
2026-01-07T21:14:33.9449962Z [DEBUG A] scraper_firecrawl.py:316: Procesando línea 24
2026-01-07T21:14:33.9450383Z [DEBUG A] scraper_firecrawl.py:316: Procesando línea 25
2026-01-07T21:14:33.9450814Z [DEBUG A] scraper_firecrawl.py:316: Procesando línea 26
2026-01-07T21:14:33.9451242Z [DEBUG A] scraper_firecrawl.py:316: Procesando línea 27
2026-01-07T21:14:33.9451667Z [DEBUG A] scraper_firecrawl.py:316: Procesando línea 28
2026-01-07T21:14:33.9452089Z [DEBUG A] scraper_firecrawl.py:316: Procesando línea 29
2026-01-07T21:14:33.9452507Z [DEBUG A] scraper_firecrawl.py:316: Procesando línea 30
2026-01-07T21:14:33.9453077Z [DEBUG A] scraper_firecrawl.py:316: Procesando línea 31
2026-01-07T21:14:33.9453512Z [DEBUG A] scraper_firecrawl.py:316: Procesando línea 32
2026-01-07T21:14:33.9453950Z [DEBUG A] scraper_firecrawl.py:316: Procesando línea 33
2026-01-07T21:14:33.9454382Z [DEBUG A] scraper_firecrawl.py:316: Procesando línea 34
2026-01-07T21:14:33.9454816Z [DEBUG A] scraper_firecrawl.py:316: Procesando línea 35
2026-01-07T21:14:33.9455482Z [DEBUG A] scraper_firecrawl.py:316: Procesando línea 36
2026-01-07T21:14:33.9456136Z [DEBUG A] scraper_firecrawl.py:316: Procesando línea 37
2026-01-07T21:14:33.9456837Z [DEBUG A] scraper_firecrawl.py:316: Procesando línea 38
2026-01-07T21:14:33.9457526Z [DEBUG A] scraper_firecrawl.py:316: Procesando línea 39
2026-01-07T21:14:33.9458509Z [DEBUG A] scraper_firecrawl.py:316: Procesando línea 40
2026-01-07T21:14:33.9459155Z [DEBUG A] scraper_firecrawl.py:316: Procesando línea 41
2026-01-07T21:14:33.9459715Z [DEBUG A] scraper_firecrawl.py:316: Procesando línea 42
2026-01-07T21:14:33.9460415Z [DEBUG A] scraper_firecrawl.py:316: Procesando línea 43
2026-01-07T21:14:33.9470915Z [DEBUG A] scraper_firecrawl.py:316: Procesando línea 44
2026-01-07T21:14:33.9471788Z [DEBUG A] scraper_firecrawl.py:316: Procesando línea 45
2026-01-07T21:14:33.9472626Z [DEBUG A] scraper_firecrawl.py:316: Procesando línea 46
2026-01-07T21:14:33.9473381Z [DEBUG A] scraper_firecrawl.py:316: Procesando línea 47
2026-01-07T21:14:33.9474141Z [DEBUG A] scraper_firecrawl.py:316: Procesando línea 48
2026-01-07T21:14:33.9475002Z [DEBUG A] scraper_firecrawl.py:316: Procesando línea 49
2026-01-07T21:14:33.9475868Z [DEBUG A] scraper_firecrawl.py:316: Procesando línea 50
2026-01-07T21:14:33.9476754Z [DEBUG A] scraper_firecrawl.py:316: Procesando línea 51
2026-01-07T21:14:33.9477564Z [DEBUG A] scraper_firecrawl.py:316: Procesando línea 52
2026-01-07T21:14:33.9478562Z [DEBUG A] scraper_firecrawl.py:316: Procesando línea 53
2026-01-07T21:14:33.9479353Z [DEBUG A] scraper_firecrawl.py:316: Procesando línea 54
2026-01-07T21:14:33.9480160Z [DEBUG A] scraper_firecrawl.py:316: Procesando línea 55
2026-01-07T21:14:33.9480640Z [DEBUG A] scraper_firecrawl.py:316: Procesando línea 56
2026-01-07T21:14:33.9481065Z [DEBUG A] scraper_firecrawl.py:316: Procesando línea 57
2026-01-07T21:14:33.9481481Z [DEBUG A] scraper_firecrawl.py:316: Procesando línea 58
2026-01-07T21:14:33.9481908Z [DEBUG A] scraper_firecrawl.py:316: Procesando línea 59
2026-01-07T21:14:33.9482343Z [DEBUG A] scraper_firecrawl.py:316: Procesando línea 60
2026-01-07T21:14:57.0071320Z [DEBUG A] scraper_firecrawl.py:316: Procesando línea 61
2026-01-07T21:14:57.0072036Z [DEBUG A] scraper_firecrawl.py:316: Procesando línea 62
2026-01-07T21:14:57.0072667Z [DEBUG A] scraper_firecrawl.py:316: Procesando línea 63
2026-01-07T21:14:57.0073306Z [DEBUG A] scraper_firecrawl.py:316: Procesando línea 64
2026-01-07T21:14:57.0073873Z [DEBUG A] scraper_firecrawl.py:316: Procesando línea 65
2026-01-07T21:14:57.0074431Z [DEBUG A] scraper_firecrawl.py:316: Procesando línea 66
2026-01-07T21:14:57.0075004Z [DEBUG A] scraper_firecrawl.py:316: Procesando línea 67
2026-01-07T21:14:57.0075559Z [DEBUG A] scraper_firecrawl.py:316: Procesando línea 68
2026-01-07T21:14:57.0076115Z [DEBUG A] scraper_firecrawl.py:316: Procesando línea 69
2026-01-07T21:14:57.0076686Z [DEBUG A] scraper_firecrawl.py:316: Procesando línea 70
2026-01-07T21:14:57.0077242Z [DEBUG A] scraper_firecrawl.py:316: Procesando línea 71
2026-01-07T21:14:57.0078060Z [DEBUG A] scraper_firecrawl.py:316: Procesando línea 72
2026-01-07T21:14:57.0078623Z [DEBUG A] scraper_firecrawl.py:316: Procesando línea 73
2026-01-07T21:14:57.0079191Z [DEBUG A] scraper_firecrawl.py:316: Procesando línea 74
2026-01-07T21:14:57.0079742Z [DEBUG A] scraper_firecrawl.py:316: Procesando línea 75
2026-01-07T21:14:57.0080315Z [DEBUG A] scraper_firecrawl.py:316: Procesando línea 76
2026-01-07T21:14:57.0080864Z [DEBUG A] scraper_firecrawl.py:316: Procesando línea 77
2026-01-07T21:14:57.0081415Z [DEBUG A] scraper_firecrawl.py:316: Procesando línea 78
2026-01-07T21:14:57.0082449Z [DEBUG A] scraper_firecrawl.py:316: Procesando línea 79
2026-01-07T21:14:57.0083015Z [DEBUG A] scraper_firecrawl.py:316: Procesando línea 80
2026-01-07T21:14:57.0083589Z [DEBUG A] scraper_firecrawl.py:316: Procesando línea 81
2026-01-07T21:14:57.0084150Z [DEBUG A] scraper_firecrawl.py:316: Procesando línea 82
2026-01-07T21:14:57.0084708Z [DEBUG A] scraper_firecrawl.py:316: Procesando línea 83
2026-01-07T21:14:57.0085261Z [DEBUG A] scraper_firecrawl.py:316: Procesando línea 84
2026-01-07T21:14:57.0085810Z [DEBUG A] scraper_firecrawl.py:316: Procesando línea 85
2026-01-07T21:14:57.0086547Z [DEBUG A] scraper_firecrawl.py:316: Procesando línea 86
2026-01-07T21:14:57.0086987Z [DEBUG A] scraper_firecrawl.py:316: Procesando línea 87
2026-01-07T21:14:57.0087464Z [DEBUG A] scraper_firecrawl.py:361: Tickets antes de deduplicación
2026-01-07T21:14:57.0088169Z [DEBUG A] scraper_firecrawl.py:380: Tickets después de deduplicación
2026-01-07T21:14:57.0088657Z       ⚠️ No se encontró imagen para el evento
2026-01-07T21:14:57.0089102Z [DEBUG I] scraper_firecrawl.py:985: Buscando tickets en schema.org
2026-01-07T21:14:57.0089613Z [DEBUG B] scraper_firecrawl.py:413: Schema tickets extraídos
2026-01-07T21:14:57.0090008Z [DEBUG A] scraper_firecrawl.py:428: Tickets finales
2026-01-07T21:14:57.0090405Z [DEBUG A] scraper_firecrawl.py:494: scrape_event_details END
2026-01-07T21:14:57.0090849Z [DEBUG G] scraper_firecrawl.py:2242: Validando contenido del evento
2026-01-07T21:14:57.0092227Z   → Precio data: ***"event_name": "$***Message.Evento_Slug*** $***Message.Evento_", "tickets_count": 0, "tickets": [], "prices": [], "has_valid_tickets": false, "has_valid_prices": false, "has_description": false, "has_image": false, "description": "", "image": ""***
2026-01-07T21:14:57.0093687Z    ⚠️ Evento sin contenido válido descartado: $***Message.Evento_Slug*** $***Message.Evento_ - https://web.fourvenues.com/sala-rem/events/$***message.evento_slug***-$***message.even...
2026-01-07T21:14:57.0094548Z [DEBUG H] scraper_firecrawl.py:2269: Evento descartado por falta de contenido
2026-01-07T21:14:57.0095085Z [DEBUG F] scraper_firecrawl.py:880: Evento procesado en scrape_all_events
2026-01-07T21:14:57.0095548Z    [2/2] $***Message.Evento_Slug*** $***Message.Evento_...
2026-01-07T21:14:57.0096005Z [DEBUG F] scraper_firecrawl.py:878: Procesando evento en scrape_all_events
2026-01-07T21:14:57.0096485Z [DEBUG A] scraper_firecrawl.py:269: scrape_event_details START
2026-01-07T21:14:57.0096904Z [DEBUG A] scraper_firecrawl.py:297: Markdown recibido
2026-01-07T21:14:57.0097311Z [DEBUG A] scraper_firecrawl.py:312: Iniciando parsing markdown
2026-01-07T21:14:57.0097934Z [DEBUG A] scraper_firecrawl.py:316: Procesando línea 0
2026-01-07T21:14:57.0098368Z [DEBUG A] scraper_firecrawl.py:316: Procesando línea 1
2026-01-07T21:14:57.0098793Z [DEBUG A] scraper_firecrawl.py:316: Procesando línea 2
2026-01-07T21:14:57.0099219Z [DEBUG A] scraper_firecrawl.py:316: Procesando línea 3
2026-01-07T21:14:57.0099636Z [DEBUG A] scraper_firecrawl.py:316: Procesando línea 4
2026-01-07T21:14:57.0100062Z [DEBUG A] scraper_firecrawl.py:316: Procesando línea 5
2026-01-07T21:14:57.0100484Z [DEBUG A] scraper_firecrawl.py:316: Procesando línea 6
2026-01-07T21:14:57.0100913Z [DEBUG A] scraper_firecrawl.py:316: Procesando línea 7
2026-01-07T21:14:57.0101329Z [DEBUG A] scraper_firecrawl.py:316: Procesando línea 8
2026-01-07T21:14:57.0101744Z [DEBUG A] scraper_firecrawl.py:316: Procesando línea 9
2026-01-07T21:14:57.0102177Z [DEBUG A] scraper_firecrawl.py:316: Procesando línea 10
2026-01-07T21:14:57.0102614Z [DEBUG A] scraper_firecrawl.py:316: Procesando línea 11
2026-01-07T21:14:57.0103060Z [DEBUG A] scraper_firecrawl.py:316: Procesando línea 12
2026-01-07T21:14:57.0103486Z [DEBUG A] scraper_firecrawl.py:316: Procesando línea 13
2026-01-07T21:14:57.0103916Z [DEBUG A] scraper_firecrawl.py:316: Procesando línea 14
2026-01-07T21:14:57.0104347Z [DEBUG A] scraper_firecrawl.py:316: Procesando línea 15
2026-01-07T21:14:57.0104777Z [DEBUG A] scraper_firecrawl.py:316: Procesando línea 16
2026-01-07T21:14:57.0105408Z [DEBUG A] scraper_firecrawl.py:361: Tickets antes de deduplicación
2026-01-07T21:14:57.0105942Z [DEBUG A] scraper_firecrawl.py:380: Tickets después de deduplicación
2026-01-07T21:14:57.0106409Z       ⚠️ No se encontró imagen para el evento
2026-01-07T21:14:57.0106808Z [DEBUG I] scraper_firecrawl.py:985: Buscando tickets en schema.org
2026-01-07T21:14:57.0107299Z [DEBUG B] scraper_firecrawl.py:413: Schema tickets extraídos
2026-01-07T21:14:57.0107805Z [DEBUG A] scraper_firecrawl.py:428: Tickets finales
2026-01-07T21:14:57.0108204Z [DEBUG A] scraper_firecrawl.py:494: scrape_event_details END
2026-01-07T21:14:57.0108776Z [DEBUG G] scraper_firecrawl.py:2242: Validando contenido del evento
2026-01-07T21:14:57.0110999Z   → Precio data: ***"event_name": "$***Message.Evento_Slug*** $***Message.Evento_Codigo***`)\n\n    \n      ***\n\n    ***\n    Window.Eventspage = New Eventspage();\n  ***)()\n</Script>\n</Div><Script>(Function()***Function C()***Var B=A.Contentdocument||A.Contentwindow.Document;If(B)***Var D=B.Create", "tickets_count": 0, "tickets": [], "prices": [], "has_valid_tickets": false, "has_valid_prices": false, "has_description": true, "has_image": false, "description": "This website is using a security service to protect itself from online attacks. The action you just ", "image": ""***
2026-01-07T21:14:57.0112968Z    ✅ Evento mantenido (tiene tickets/descripción/imagen): $***Message.Evento_Slug*** $***Message.Evento_Codigo***`)
2026-01-07T21:14:57.0113395Z 
2026-01-07T21:14:57.0113491Z     
2026-01-07T21:14:57.0113712Z       ***
2026-01-07T21:14:57.0113843Z 
2026-01-07T21:14:57.0113941Z     ***
2026-01-07T21:14:57.0114203Z     Window.Eventspage = New Eventspage();
2026-01-07T21:14:57.0114516Z   ***)()
2026-01-07T21:14:57.0114734Z </Script>
2026-01-07T21:14:57.0115183Z </Div><Script>(Function()***Function C()***Var B=A.Contentdocument||A.Contentwindow.Document;If(B)***Var D=B.Create
2026-01-07T21:14:57.0115799Z [DEBUG F] scraper_firecrawl.py:880: Evento procesado en scrape_all_events
2026-01-07T21:14:57.0116105Z 
2026-01-07T21:14:57.0116348Z 🎉 Total: 1 eventos scrapeados (eventos inválidos filtrados)
2026-01-07T21:14:57.0116799Z [DEBUG B] scraper_firecrawl.py:804: ANTES de transformar entradas
2026-01-07T21:14:57.0118456Z   → Precio data: ***"event_name": "$***Message.Evento_Slug*** $***Message.Evento_Codigo***`)\n\n    \n      ***\n\n    ***\n    Window.Eventspage = New Eventspage();\n  ***)()\n</Script>\n</Div><Script>(Function()***Function C()***Var B=A.Contentdocument||A.Contentwindow.Document;If(B)***Var D=B.Create", "event_code": "Element(", "tickets_from_event": null, "prices_from_event": []***
2026-01-07T21:14:57.0119741Z [DEBUG B] scraper_firecrawl.py:832: DESPUÉS de transformar entradas
2026-01-07T21:14:57.0122916Z   → Precio data: ***"event_name": "$***Message.Evento_Slug*** $***Message.Evento_Codigo***`)\n\n    \n      ***\n\n    ***\n    Window.Eventspage = New Eventspage();\n  ***)()\n</Script>\n</Div><Script>(Function()***Function C()***Var B=A.Contentdocument||A.Contentwindow.Document;If(B)***Var D=B.Create", "event_code": "Element(", "entradas_finales": [***"tipo": "Entrada General", "precio": "0", "agotadas": false, "url_compra": "https://web.fourvenues.com/, `/events?date=$***year***-$***month***`);\n        window.navigate(`/sala-rem/events?date=$***year***-$***month***`);\n      ***\n\n      onEmitListadoEventosComponent(message) ***\n        navigate(`/sala-rem/events/$***message.evento_slug***-$***message.evento_codigo***`)\n\n    \n      ***\n\n    ***\n    window.eventsPage = new EventsPage();\n  ***)()\n</script>\n</div><script>(function()***function c()***var b=a.contentDocument||a.contentWindow.document;if(b)***var d=b.createElement("***]***
2026-01-07T21:14:57.0125280Z 
2026-01-07T21:14:57.0125570Z 💾 Datos crudos: /home/runner/work/Jaleo/Jaleo/backend/data/raw_events.json
2026-01-07T21:14:57.0126174Z 💾 Datos transformados: /home/runner/work/Jaleo/Jaleo/backend/data/events.json
2026-01-07T21:14:57.0126504Z 
2026-01-07T21:14:57.0126864Z 📤 Subiendo a Firebase (colección: eventos-dev)...
2026-01-07T21:14:57.0127277Z ✅ Firebase Admin inicializado correctamente
2026-01-07T21:14:57.0127942Z 🗑️  Iniciando borrado de TODOS los eventos antiguos de 'eventos-dev'...
2026-01-07T21:14:57.0128490Z ✅ Limpieza completada: 15 eventos eliminados de 'eventos-dev'.
2026-01-07T21:14:57.0129004Z 📤 Subiendo 1 eventos a Firestore (colección: 'eventos-dev')...
2026-01-07T21:14:57.0129516Z ✅ Carga completada con éxito: 1 eventos activos en 'eventos-dev'.
2026-01-07T21:14:57.0129979Z ✅ Datos subidos a Firebase (colección: eventos-dev)
2026-01-07T21:14:57.1049723Z ##[group]Run actions/upload-artifact@v4
2026-01-07T21:14:57.1050066Z with:
2026-01-07T21:14:57.1050313Z   name: scraped-data-dev-6
2026-01-07T21:14:57.1050631Z   path: backend/data/*.json
.cursor/debug.log

2026-01-07T21:14:57.1050965Z   retention-days: 7
2026-01-07T21:14:57.1051225Z   if-no-files-found: warn
2026-01-07T21:14:57.1051496Z   compression-level: 6
2026-01-07T21:14:57.1051754Z   overwrite: false
2026-01-07T21:14:57.1052031Z   include-hidden-files: false
2026-01-07T21:14:57.1052312Z env:
2026-01-07T21:14:57.1052605Z   pythonLocation: /opt/hostedtoolcache/Python/3.11.14/x64
2026-01-07T21:14:57.1053067Z   PKG_CONFIG_PATH: /opt/hostedtoolcache/Python/3.11.14/x64/lib/pkgconfig
2026-01-07T21:14:57.1053519Z   Python_ROOT_DIR: /opt/hostedtoolcache/Python/3.11.14/x64
2026-01-07T21:14:57.1053928Z   Python2_ROOT_DIR: /opt/hostedtoolcache/Python/3.11.14/x64
2026-01-07T21:14:57.1054385Z   Python3_ROOT_DIR: /opt/hostedtoolcache/Python/3.11.14/x64
2026-01-07T21:14:57.1054820Z   LD_LIBRARY_PATH: /opt/hostedtoolcache/Python/3.11.14/x64/lib
2026-01-07T21:14:57.1055166Z ##[endgroup]
2026-01-07T21:14:57.3238590Z Multiple search paths detected. Calculating the least common ancestor of all paths
2026-01-07T21:14:57.3242039Z The least common ancestor is /home/runner/work/Jaleo/Jaleo. This will be the root directory of the artifact
2026-01-07T21:14:57.3243145Z With the provided path, there will be 3 files uploaded
2026-01-07T21:14:57.3248756Z Artifact name is valid!
2026-01-07T21:14:57.3250108Z Root directory input is valid!
2026-01-07T21:14:57.6130512Z Beginning upload of artifact content to blob storage
2026-01-07T21:14:57.9294172Z Uploaded bytes 6464
2026-01-07T21:14:58.0113610Z Finished uploading artifact content to blob storage!
2026-01-07T21:14:58.0117117Z SHA256 digest of uploaded artifact zip is e4bae99866b15884ff8278e7502159dceead8d92473184344be759a96c988264
2026-01-07T21:14:58.0119065Z Finalizing artifact upload
2026-01-07T21:14:58.1773740Z Artifact scraped-data-dev-6.zip successfully finalized. Artifact ID 5055210125
2026-01-07T21:14:58.1775239Z Artifact scraped-data-dev-6 has been successfully uploaded! Final size is 6464 bytes. Artifact ID is 5055210125
2026-01-07T21:14:58.1782567Z Artifact download URL: https://github.com/HugoFernandezz/Jaleo/actions/runs/20796692972/artifacts/5055210125
2026-01-07T21:14:58.1904102Z Post job cleanup.
2026-01-07T21:14:58.3438724Z Cache hit occurred on the primary key setup-python-Linux-x64-24.04-Ubuntu-python-3.11.14-pip-83ed06a9954eb76fb2c5d9b1d20f524f73b2888668f4040706d634dea223f6ca, not saving cache.
2026-01-07T21:14:58.3549163Z Post job cleanup.
2026-01-07T21:14:58.4519968Z [command]/usr/bin/git version
2026-01-07T21:14:58.4563769Z git version 2.52.0
2026-01-07T21:14:58.4609697Z Temporarily overriding HOME='/home/runner/work/_temp/cbbc9590-1bd6-4ea7-9c18-a108363f7921' before making global git config changes
2026-01-07T21:14:58.4611366Z Adding repository directory to the temporary git global config as a safe directory
2026-01-07T21:14:58.4627281Z [command]/usr/bin/git config --global --add safe.directory /home/runner/work/Jaleo/Jaleo
2026-01-07T21:14:58.4657212Z [command]/usr/bin/git config --local --name-only --get-regexp core\.sshCommand
2026-01-07T21:14:58.4693446Z [command]/usr/bin/git submodule foreach --recursive sh -c "git config --local --name-only --get-regexp 'core\.sshCommand' && git config --local --unset-all 'core.sshCommand' || :"
2026-01-07T21:14:58.4950675Z [command]/usr/bin/git config --local --name-only --get-regexp http\.https\:\/\/github\.com\/\.extraheader
2026-01-07T21:14:58.4974744Z http.https://github.com/.extraheader
2026-01-07T21:14:58.4988607Z [command]/usr/bin/git config --local --unset-all http.https://github.com/.extraheader
2026-01-07T21:14:58.5021319Z [command]/usr/bin/git submodule foreach --recursive sh -c "git config --local --name-only --get-regexp 'http\.https\:\/\/github\.com\/\.extraheader' && git config --local --unset-all 'http.https://github.com/.extraheader' || :"
2026-01-07T21:14:58.5246756Z [command]/usr/bin/git config --local --name-only --get-regexp ^includeIf\.gitdir:
2026-01-07T21:14:58.5278314Z [command]/usr/bin/git submodule foreach --recursive git config --local --show-origin --name-only --get-regexp remote.origin.url
2026-01-07T21:14:58.5604663Z Cleaning up orphan processes
